2026-09-10 22:14:12.334 [WARN] network: response latency=842ms
Some unstructured line without timestamps